[2026-01-13 22:48:05] Starting daily update...
[2026-01-13 22:48:05] Pulling latest changes...
[2026-01-13 22:48:21] Starting daily update...
[2026-01-13 22:48:21] Pulling latest changes...
[2026-01-13 22:48:22] Running daily_update.py...
[2026-01-13 22:48:22] Committing changes...
[2026-01-13 22:48:22] Pushing to remote...
[2026-01-13 22:48:22] Update complete!
[2026-01-13 22:52:04] Starting daily update...
[2026-01-13 22:52:04] Starting daily update...
[2026-01-13 22:52:04] Pulling latest changes...
[2026-01-13 22:52:04] Pulling latest changes...
error: cannot pull with rebase: You have unstaged changes.
error: Please commit or stash them.
[2026-01-13 22:55:03] Starting daily update...
[2026-01-13 22:55:03] Starting daily update...
[2026-01-13 22:55:03] Pulling latest changes...
[2026-01-13 22:55:03] Pulling latest changes...
Already up to date.
[2026-01-13 22:55:04] Running daily_update.py...
[2026-01-13 22:55:04] Running daily_update.py...
Added compound: Ethylene Glycol
Remaining entries in queue: 292
[2026-01-13 22:55:04] Committing changes...
[2026-01-13 22:55:04] Committing changes...
[main f9cf8aa] Daily data update - 2026-01-13
 4 files changed, 21 insertions(+), 9 deletions(-)
[2026-01-13 22:55:04] Pushing to remote...
[2026-01-13 22:55:04] Pushing to remote...
To github.com:niket-sharma/chemeng-daily-data.git
   646f371..f9cf8aa  main -> main
[2026-01-13 22:55:04] Update complete!
[2026-01-13 22:55:04] Update complete!
[2026-01-14 00:00:05] Starting daily update...
[2026-01-14 00:00:05] Starting daily update...
[2026-01-14 00:00:05] Pulling latest changes...
[2026-01-14 00:00:05] Pulling latest changes...
Already up to date.
[2026-01-14 00:00:06] Running daily_update.py...
[2026-01-14 00:00:06] Running daily_update.py...
Added compound: Propylene
Remaining entries in queue: 291
[2026-01-14 00:00:06] Committing changes...
[2026-01-14 00:00:06] Committing changes...
[main 2f2787f] Daily data update - 2026-01-14
 9 files changed, 185 insertions(+), 9 deletions(-)
 create mode 100644 config/api_config.yaml.template
 create mode 100644 config/commodities.yaml
 create mode 100644 requirements.txt
 create mode 100644 scripts/collectors/__init__.py
 create mode 100644 scripts/collectors/alpha_vantage_collector.py
[2026-01-14 00:00:06] Pushing to remote...
[2026-01-14 00:00:06] Pushing to remote...
To github.com:niket-sharma/chemeng-daily-data.git
   f9cf8aa..2f2787f  main -> main
[2026-01-14 00:00:07] Update complete!
[2026-01-14 00:00:07] Update complete!
[2026-01-15 00:14:10] Starting daily price update...
[2026-01-15 00:14:10] Starting daily price update...
[2026-01-15 00:14:10] Pulling latest changes...
[2026-01-15 00:14:10] Pulling latest changes...
From github.com:niket-sharma/chemeng-daily-data
   8ebd837..4e02be1  main       -> origin/main
Updating 8ebd837..4e02be1
[2026-01-15 00:14:11] Running daily_price_update.py...
[2026-01-15 00:14:13] Generating visualizations...
[2026-01-15 00:14:13] Committing changes...
[2026-01-15 00:14:14] Pushing to remote...
[2026-01-15 00:14:14] Update complete!
[2026-01-16 00:00:00] Starting daily price update...
[2026-01-16 00:00:00] Starting daily price update...
[2026-01-16 00:00:00] Pulling latest changes...
[2026-01-16 00:00:00] Pulling latest changes...
From github.com:niket-sharma/chemeng-daily-data
   600e064..17164e6  main       -> origin/main
Updating 600e064..17164e6
[2026-01-16 00:00:01] Running daily_price_update.py...
[2026-01-16 00:00:03] Generating visualizations...
[2026-01-16 00:00:04] Committing changes...
[2026-01-16 00:00:04] Pushing to remote...
[2026-01-16 00:00:04] Update complete!
[2026-01-17 00:11:15] Starting daily price update...
[2026-01-17 00:11:15] Starting daily price update...
[2026-01-17 00:11:15] Pulling latest changes...
[2026-01-17 00:11:15] Pulling latest changes...
ssh: connect to host github.com port 22: No route to host
fatal: Could not read from remote repository.

Please make sure you have the correct access rights
and the repository exists.
[2026-01-20 00:01:11] Starting daily price update...
[2026-01-20 00:01:11] Starting daily price update...
[2026-01-20 00:01:11] Pulling latest changes...
[2026-01-20 00:01:11] Pulling latest changes...
From github.com:niket-sharma/chemeng-daily-data
   cbe7e46..2846a29  main       -> origin/main
Updating cbe7e46..2846a29
[2026-01-20 00:01:12] Running daily_price_update.py...
[2026-01-20 00:01:14] Generating visualizations...
[2026-01-20 00:01:15] Committing changes...
[2026-01-20 00:01:15] Pushing to remote...
[2026-01-20 00:01:16] Update complete!
[2026-01-21 00:01:58] Starting daily price update...
[2026-01-21 00:01:58] Starting daily price update...
[2026-01-21 00:01:58] Pulling latest changes...
[2026-01-21 00:01:58] Pulling latest changes...
From github.com:niket-sharma/chemeng-daily-data
   6715b86..2740bd0  main       -> origin/main
Updating 6715b86..2740bd0
[2026-01-21 00:01:58] Running daily_price_update.py...
[2026-01-21 00:02:00] Generating visualizations...
[2026-01-21 00:02:01] Committing changes...
[2026-01-21 00:02:01] Pushing to remote...
[2026-01-21 00:02:02] Update complete!
[2026-01-22 00:00:03] Starting daily price update...
[2026-01-22 00:00:03] Starting daily price update...
[2026-01-22 00:00:03] Pulling latest changes...
[2026-01-22 00:00:03] Pulling latest changes...
Already up to date.
[2026-01-22 00:00:04] Running daily_price_update.py...
[2026-01-22 00:00:04] Running daily_price_update.py...
==================================================
Chemical Commodity Price Update
==================================================
Collecting prices for 2026-01-22...
  Fetching commodity futures...
  Fetching chemical stocks...
  Fetching FRED data...
Warning: fredapi not installed

Collected 12 data points

Saving data...
  Saved latest prices to /home/niket/ai/chemeng-daily-data/data/latest/latest_prices.json
  Saved historical data to /home/niket/ai/chemeng-daily-data/data/historical/2026-01/prices_2026-01-22.json
  Updated README.md
  Logged update

Update complete!
==================================================
[2026-01-22 00:00:06] Generating visualizations...
[2026-01-22 00:00:06] Generating visualizations...
Generating visualizations...
  Saved energy chart to /home/niket/ai/chemeng-daily-data/visualizations/energy_prices.png
  Saved stock chart to /home/niket/ai/chemeng-daily-data/visualizations/stock_prices.png
Visualization generation complete!
[2026-01-22 00:00:06] Committing changes...
[2026-01-22 00:00:06] Committing changes...
[main 6611ef1] Daily price update: 2026-01-22
 9 files changed, 275 insertions(+), 43 deletions(-)
 create mode 100644 data/historical/2026-01/prices_2026-01-22.json
[2026-01-22 00:00:06] Pushing to remote...
[2026-01-22 00:00:06] Pushing to remote...
To github.com:niket-sharma/chemeng-daily-data.git
   16f2b05..6611ef1  main -> main
[2026-01-22 00:00:07] Update complete!
[2026-01-22 00:00:07] Update complete!
[2026-01-23 00:00:00] Starting daily price update...
[2026-01-23 00:00:00] Starting daily price update...
[2026-01-23 00:00:00] Pulling latest changes...
[2026-01-23 00:00:00] Pulling latest changes...
From github.com:niket-sharma/chemeng-daily-data
   6611ef1..b164029  main       -> origin/main
Updating 6611ef1..b164029
[2026-01-23 00:00:01] Running daily_price_update.py...
[2026-01-23 00:00:03] Generating visualizations...
[2026-01-23 00:00:03] Committing changes...
[2026-01-23 00:00:03] Pushing to remote...
[2026-01-23 00:00:04] Update complete!
[2026-01-24 00:08:52] Starting daily price update...
[2026-01-24 00:08:52] Starting daily price update...
[2026-01-24 00:08:52] Pulling latest changes...
[2026-01-24 00:08:52] Pulling latest changes...
From github.com:niket-sharma/chemeng-daily-data
   286322f..f198ee9  main       -> origin/main
Updating 286322f..f198ee9
[2026-01-24 00:08:53] Running daily_price_update.py...
[2026-01-24 00:08:55] Generating visualizations...
[2026-01-24 00:08:55] Committing changes...
[2026-01-24 00:08:55] Pushing to remote...
[2026-01-24 00:08:56] Update complete!
[2026-01-25 00:00:01] Starting daily price update...
[2026-01-25 00:00:01] Starting daily price update...
[2026-01-25 00:00:01] Pulling latest changes...
[2026-01-25 00:00:01] Pulling latest changes...
From github.com:niket-sharma/chemeng-daily-data
   72c2736..3a92a6b  main       -> origin/main
Updating 72c2736..3a92a6b
[2026-01-25 00:00:02] Running daily_price_update.py...
[2026-01-25 00:00:03] Generating visualizations...
[2026-01-25 00:00:04] Committing changes...
[2026-01-25 00:00:04] Pushing to remote...
[2026-01-25 00:00:05] Update complete!
[2026-01-26 00:16:27] Starting daily price update...
[2026-01-26 00:16:27] Starting daily price update...
[2026-01-26 00:16:27] Pulling latest changes...
[2026-01-26 00:16:27] Pulling latest changes...
From github.com:niket-sharma/chemeng-daily-data
   11c6eb2..b478d72  main       -> origin/main
Updating 11c6eb2..b478d72
[2026-01-26 00:16:28] Running daily_price_update.py...
[2026-01-26 00:16:29] Generating visualizations...
[2026-01-26 00:16:30] Committing changes...
[2026-01-26 00:16:30] Pushing to remote...
[2026-01-26 00:16:31] Update complete!
[2026-01-28 00:04:17] Starting daily price update...
[2026-01-28 00:04:17] Starting daily price update...
[2026-01-28 00:04:17] Pulling latest changes...
[2026-01-28 00:04:17] Pulling latest changes...
From github.com:niket-sharma/chemeng-daily-data
   c54d8c2..8085734  main       -> origin/main
Updating c54d8c2..8085734
[2026-01-28 00:04:18] Running daily_price_update.py...
[2026-01-28 00:04:20] Generating visualizations...
[2026-01-28 00:04:20] Committing changes...
[2026-01-28 00:04:20] Pushing to remote...
[2026-01-28 00:04:21] Update complete!
[2026-01-30 00:11:47] Starting daily price update...
[2026-01-30 00:11:47] Starting daily price update...
[2026-01-30 00:11:47] Pulling latest changes...
[2026-01-30 00:11:47] Pulling latest changes...
From github.com:niket-sharma/chemeng-daily-data
   3c86977..a6b8215  main       -> origin/main
Updating 3c86977..a6b8215
[2026-01-30 00:11:48] Running daily_price_update.py...
[2026-01-30 00:11:49] Generating visualizations...
[2026-01-30 00:11:50] Committing changes...
[2026-01-30 00:11:50] Pushing to remote...
[2026-01-30 00:11:51] Update complete!
[2026-01-31 00:00:01] Starting daily price update...
[2026-01-31 00:00:01] Starting daily price update...
[2026-01-31 00:00:01] Pulling latest changes...
[2026-01-31 00:00:01] Pulling latest changes...
From github.com:niket-sharma/chemeng-daily-data
   3646905..eaaa80b  main       -> origin/main
Updating 3646905..eaaa80b
[2026-01-31 00:00:02] Running daily_price_update.py...
[2026-01-31 00:00:04] Generating visualizations...
[2026-01-31 00:00:04] Committing changes...
[2026-01-31 00:00:05] Pushing to remote...
[2026-01-31 00:00:05] Update complete!
[2026-02-02 00:11:03] Starting daily price update...
[2026-02-02 00:11:03] Starting daily price update...
[2026-02-02 00:11:03] Pulling latest changes...
[2026-02-02 00:11:03] Pulling latest changes...
From github.com:niket-sharma/chemeng-daily-data
   cc24f45..f029711  main       -> origin/main
Updating cc24f45..f029711
[2026-02-02 00:11:04] Running daily_price_update.py...
[2026-02-02 00:11:06] Generating visualizations...
[2026-02-02 00:11:07] Committing changes...
[2026-02-02 00:11:07] Pushing to remote...
[2026-02-02 00:11:08] Update complete!
[2026-02-03 00:00:00] Starting daily price update...
[2026-02-03 00:00:00] Starting daily price update...
[2026-02-03 00:00:00] Pulling latest changes...
[2026-02-03 00:00:00] Pulling latest changes...
From github.com:niket-sharma/chemeng-daily-data
   025699c..1d3680d  main       -> origin/main
Updating 025699c..1d3680d
[2026-02-03 00:00:01] Running daily_price_update.py...
[2026-02-03 00:00:02] Generating visualizations...
[2026-02-03 00:00:03] Committing changes...
[2026-02-03 00:00:03] Pushing to remote...
[2026-02-03 00:00:04] Update complete!
[2026-02-04 00:13:12] Starting daily price update...
[2026-02-04 00:13:12] Starting daily price update...
[2026-02-04 00:13:12] Pulling latest changes...
[2026-02-04 00:13:12] Pulling latest changes...
From github.com:niket-sharma/chemeng-daily-data
   f2a18b2..672c4a8  main       -> origin/main
Updating f2a18b2..672c4a8
[2026-02-04 00:13:13] Running daily_price_update.py...
[2026-02-04 00:13:14] Generating visualizations...
[2026-02-04 00:13:15] Committing changes...
[2026-02-04 00:13:15] Pushing to remote...
[2026-02-04 00:13:16] Update complete!
[2026-02-06 00:31:01] Starting daily price update...
[2026-02-06 00:31:01] Starting daily price update...
[2026-02-06 00:31:01] Pulling latest changes...
[2026-02-06 00:31:01] Pulling latest changes...
From github.com:niket-sharma/chemeng-daily-data
   602708c..6f51504  main       -> origin/main
Updating 602708c..6f51504
[2026-02-06 00:31:02] Running daily_price_update.py...
[2026-02-06 00:31:04] Generating visualizations...
[2026-02-06 00:31:05] Committing changes...
[2026-02-06 00:31:05] Pushing to remote...
[2026-02-06 00:31:06] Update complete!
[2026-02-07 00:34:00] Starting daily price update...
[2026-02-07 00:34:00] Starting daily price update...
[2026-02-07 00:34:00] Pulling latest changes...
[2026-02-07 00:34:00] Pulling latest changes...
From github.com:niket-sharma/chemeng-daily-data
   2d3aeb0..a7ba556  main       -> origin/main
Updating 2d3aeb0..a7ba556
[2026-02-07 00:34:01] Running daily_price_update.py...
[2026-02-07 00:34:03] Generating visualizations...
[2026-02-07 00:34:04] Committing changes...
[2026-02-07 00:34:04] Pushing to remote...
[2026-02-07 00:34:05] Update complete!
[2026-02-08 00:37:31] Starting daily price update...
[2026-02-08 00:37:31] Starting daily price update...
[2026-02-08 00:37:31] Pulling latest changes...
[2026-02-08 00:37:31] Pulling latest changes...
From github.com:niket-sharma/chemeng-daily-data
   effc8e3..3823950  main       -> origin/main
Updating effc8e3..3823950
[2026-02-08 00:37:32] Running daily_price_update.py...
[2026-02-08 00:37:34] Generating visualizations...
[2026-02-08 00:37:36] Committing changes...
[2026-02-08 00:37:36] Pushing to remote...
[2026-02-08 00:37:37] Update complete!
[2026-02-09 00:00:00] Starting daily price update...
[2026-02-09 00:00:00] Starting daily price update...
[2026-02-09 00:00:00] Pulling latest changes...
[2026-02-09 00:00:00] Pulling latest changes...
From github.com:niket-sharma/chemeng-daily-data
   85b6fc1..3af275b  main       -> origin/main
Updating 85b6fc1..3af275b
[2026-02-09 00:00:01] Running daily_price_update.py...
[2026-02-09 00:00:04] Generating visualizations...
[2026-02-09 00:00:07] Committing changes...
[2026-02-09 00:00:07] Pushing to remote...
[2026-02-09 00:00:08] Update complete!
[2026-02-11 00:00:01] Starting daily price update...
[2026-02-11 00:00:01] Starting daily price update...
[2026-02-11 00:00:01] Pulling latest changes...
[2026-02-11 00:00:01] Pulling latest changes...
From github.com:niket-sharma/chemeng-daily-data
   7c4525a..537f306  main       -> origin/main
Updating 7c4525a..537f306
[2026-02-11 00:00:02] Running daily_price_update.py...
[2026-02-11 00:00:04] Generating visualizations...
[2026-02-11 00:00:05] Committing changes...
[2026-02-11 00:00:05] Pushing to remote...
[2026-02-11 00:00:06] Update complete!
[2026-02-12 00:00:01] Starting daily price update...
[2026-02-12 00:00:01] Starting daily price update...
[2026-02-12 00:00:01] Pulling latest changes...
[2026-02-12 00:00:01] Pulling latest changes...
From github.com:niket-sharma/chemeng-daily-data
   6b98d74..8905f7a  main       -> origin/main
Updating 6b98d74..8905f7a
[2026-02-12 00:00:02] Running daily_price_update.py...
[2026-02-12 00:00:04] Generating visualizations...
[2026-02-12 00:00:04] Committing changes...
[2026-02-12 00:00:04] Pushing to remote...
[2026-02-12 00:00:05] Update complete!
[2026-02-13 00:00:04] Starting daily price update...
[2026-02-13 00:00:04] Starting daily price update...
[2026-02-13 00:00:04] Pulling latest changes...
[2026-02-13 00:00:04] Pulling latest changes...
From github.com:niket-sharma/chemeng-daily-data
   5752f8c..b6dc713  main       -> origin/main
Updating 5752f8c..b6dc713
[2026-02-13 00:00:05] Running daily_price_update.py...
[2026-02-13 00:00:07] Generating visualizations...
[2026-02-13 00:00:08] Committing changes...
[2026-02-13 00:00:08] Pushing to remote...
[2026-02-13 00:00:09] Update complete!
[2026-02-14 00:23:38] Starting daily price update...
[2026-02-14 00:23:38] Starting daily price update...
[2026-02-14 00:23:38] Pulling latest changes...
[2026-02-14 00:23:38] Pulling latest changes...
From github.com:niket-sharma/chemeng-daily-data
   dc1f80a..6fb9306  main       -> origin/main
Updating dc1f80a..6fb9306
[2026-02-14 00:23:38] Running daily_price_update.py...
[2026-02-14 00:23:41] Generating visualizations...
[2026-02-14 00:23:43] Committing changes...
[2026-02-14 00:23:43] Pushing to remote...
[2026-02-14 00:23:44] Update complete!
[2026-02-15 00:10:58] Starting daily price update...
[2026-02-15 00:10:58] Starting daily price update...
[2026-02-15 00:10:58] Pulling latest changes...
[2026-02-15 00:10:58] Pulling latest changes...
From github.com:niket-sharma/chemeng-daily-data
   19bf3c5..dd5072c  main       -> origin/main
Updating 19bf3c5..dd5072c
[2026-02-15 00:10:59] Running daily_price_update.py...
[2026-02-15 00:11:02] Generating visualizations...
[2026-02-15 00:11:03] Committing changes...
[2026-02-15 00:11:03] Pushing to remote...
[2026-02-15 00:11:04] Update complete!
[2026-02-16 00:00:01] Starting daily price update...
[2026-02-16 00:00:01] Starting daily price update...
[2026-02-16 00:00:01] Pulling latest changes...
[2026-02-16 00:00:01] Pulling latest changes...
From github.com:niket-sharma/chemeng-daily-data
   d1547dd..028258f  main       -> origin/main
Updating d1547dd..028258f
[2026-02-16 00:00:02] Running daily_price_update.py...
[2026-02-16 00:00:04] Generating visualizations...
[2026-02-16 00:00:05] Committing changes...
[2026-02-16 00:00:05] Pushing to remote...
[2026-02-16 00:00:06] Update complete!
[2026-02-17 00:10:06] Starting daily price update...
[2026-02-17 00:10:06] Starting daily price update...
[2026-02-17 00:10:06] Pulling latest changes...
[2026-02-17 00:10:06] Pulling latest changes...
From github.com:niket-sharma/chemeng-daily-data
   c8f2cf5..87375d5  main       -> origin/main
Updating c8f2cf5..87375d5
[2026-02-17 00:10:07] Running daily_price_update.py...
[2026-02-17 00:10:09] Generating visualizations...
[2026-02-17 00:10:09] Committing changes...
[2026-02-17 00:10:09] Pushing to remote...
[2026-02-17 00:10:10] Update complete!
[2026-02-18 00:22:07] Starting daily price update...
[2026-02-18 00:22:07] Starting daily price update...
[2026-02-18 00:22:07] Pulling latest changes...
[2026-02-18 00:22:07] Pulling latest changes...
From github.com:niket-sharma/chemeng-daily-data
   e185330..4cb9742  main       -> origin/main
Updating e185330..4cb9742
[2026-02-18 00:22:08] Running daily_price_update.py...
[2026-02-18 00:22:10] Generating visualizations...
[2026-02-18 00:22:11] Committing changes...
[2026-02-18 00:22:11] Pushing to remote...
[2026-02-18 00:22:12] Update complete!
[2026-02-19 00:00:01] Starting daily price update...
[2026-02-19 00:00:01] Starting daily price update...
[2026-02-19 00:00:01] Pulling latest changes...
[2026-02-19 00:00:01] Pulling latest changes...
From github.com:niket-sharma/chemeng-daily-data
   12f7cb5..14000cb  main       -> origin/main
Updating 12f7cb5..14000cb
[2026-02-19 00:00:03] Running daily_price_update.py...
[2026-02-19 00:00:06] Generating visualizations...
[2026-02-19 00:00:08] Committing changes...
[2026-02-19 00:00:08] Pushing to remote...
[2026-02-19 00:00:09] Update complete!
[2026-02-26 00:00:03] Starting daily price update...
[2026-02-26 00:00:03] Starting daily price update...
[2026-02-26 00:00:03] Pulling latest changes...
[2026-02-26 00:00:03] Pulling latest changes...
From github.com:niket-sharma/chemeng-daily-data
   698ae8c..3dc2deb  main       -> origin/main
Updating 698ae8c..3dc2deb
[2026-02-26 00:00:04] Running daily_price_update.py...
[2026-02-26 00:00:06] Generating visualizations...
[2026-02-26 00:00:06] Committing changes...
[2026-02-26 00:00:06] Pushing to remote...
[2026-02-26 00:00:07] Update complete!
[2026-03-01 00:02:12] Starting daily price update...
[2026-03-01 00:02:12] Starting daily price update...
[2026-03-01 00:02:12] Pulling latest changes...
[2026-03-01 00:02:12] Pulling latest changes...
From github.com:niket-sharma/chemeng-daily-data
   7a23b16..da999a2  main       -> origin/main
Updating 7a23b16..da999a2
[2026-03-01 00:02:13] Running daily_price_update.py...
[2026-03-01 00:02:15] Generating visualizations...
[2026-03-01 00:02:15] Committing changes...
[2026-03-01 00:02:15] Pushing to remote...
[2026-03-01 00:02:16] Update complete!
[2026-03-02 00:00:00] Starting daily price update...
[2026-03-02 00:00:00] Starting daily price update...
[2026-03-02 00:00:00] Pulling latest changes...
[2026-03-02 00:00:00] Pulling latest changes...
From github.com:niket-sharma/chemeng-daily-data
   38c1e89..70586d1  main       -> origin/main
Updating 38c1e89..70586d1
[2026-03-02 00:00:01] Running daily_price_update.py...
[2026-03-02 00:00:03] Generating visualizations...
[2026-03-02 00:00:04] Committing changes...
[2026-03-02 00:00:04] Pushing to remote...
[2026-03-02 00:00:04] Update complete!
[2026-03-03 00:00:02] Starting daily price update...
[2026-03-03 00:00:02] Starting daily price update...
[2026-03-03 00:00:02] Pulling latest changes...
[2026-03-03 00:00:02] Pulling latest changes...
From github.com:niket-sharma/chemeng-daily-data
   53357fc..4c3b7df  main       -> origin/main
Updating 53357fc..4c3b7df
[2026-03-03 00:00:03] Running daily_price_update.py...
[2026-03-03 00:00:05] Generating visualizations...
[2026-03-03 00:00:06] Committing changes...
[2026-03-03 00:00:06] Pushing to remote...
[2026-03-03 00:00:06] Update complete!
[2026-03-05 00:00:01] Starting daily price update...
[2026-03-05 00:00:01] Starting daily price update...
[2026-03-05 00:00:01] Pulling latest changes...
[2026-03-05 00:00:01] Pulling latest changes...
From github.com:niket-sharma/chemeng-daily-data
   5e8a860..b1e6c18  main       -> origin/main
Updating 5e8a860..b1e6c18
[2026-03-05 00:00:02] Running daily_price_update.py...
[2026-03-05 00:00:04] Generating visualizations...
[2026-03-05 00:00:05] Committing changes...
[2026-03-05 00:00:05] Pushing to remote...
[2026-03-05 00:00:06] Update complete!
[2026-03-06 00:00:01] Starting daily price update...
[2026-03-06 00:00:01] Starting daily price update...
[2026-03-06 00:00:01] Pulling latest changes...
[2026-03-06 00:00:01] Pulling latest changes...
From github.com:niket-sharma/chemeng-daily-data
   f473e74..537388d  main       -> origin/main
Updating f473e74..537388d
[2026-03-06 00:00:01] Running daily_price_update.py...
[2026-03-06 00:00:03] Generating visualizations...
[2026-03-06 00:00:04] Committing changes...
[2026-03-06 00:00:04] Pushing to remote...
[2026-03-06 00:00:05] Update complete!
[2026-03-08 00:29:20] Starting daily price update...
[2026-03-08 00:29:20] Starting daily price update...
[2026-03-08 00:29:20] Pulling latest changes...
[2026-03-08 00:29:20] Pulling latest changes...
From github.com:niket-sharma/chemeng-daily-data
   0c5ac4a..c2d2944  main       -> origin/main
Updating 0c5ac4a..c2d2944
[2026-03-08 00:29:21] Running daily_price_update.py...
[2026-03-08 00:29:24] Generating visualizations...
[2026-03-08 00:29:25] Committing changes...
[2026-03-08 00:29:25] Pushing to remote...
[2026-03-08 00:29:26] Update complete!
[2026-03-09 00:34:27] Starting daily price update...
[2026-03-09 00:34:27] Starting daily price update...
[2026-03-09 00:34:27] Pulling latest changes...
[2026-03-09 00:34:27] Pulling latest changes...
From github.com:niket-sharma/chemeng-daily-data
   1407876..0edd3c0  main       -> origin/main
Updating 1407876..0edd3c0
[2026-03-09 00:34:28] Running daily_price_update.py...
[2026-03-09 00:34:30] Generating visualizations...
[2026-03-09 00:34:31] Committing changes...
[2026-03-09 00:34:31] Pushing to remote...
[2026-03-09 00:34:31] Update complete!
[2026-03-10 00:29:34] Starting daily price update...
[2026-03-10 00:29:34] Starting daily price update...
[2026-03-10 00:29:34] Pulling latest changes...
[2026-03-10 00:29:34] Pulling latest changes...
From github.com:niket-sharma/chemeng-daily-data
   b76438e..d290840  main       -> origin/main
Updating b76438e..d290840
[2026-03-10 00:29:35] Running daily_price_update.py...
[2026-03-10 00:29:37] Generating visualizations...
[2026-03-10 00:29:37] Committing changes...
[2026-03-10 00:29:37] Pushing to remote...
[2026-03-10 00:29:38] Update complete!
[2026-03-11 00:36:03] Starting daily price update...
[2026-03-11 00:36:03] Starting daily price update...
[2026-03-11 00:36:03] Pulling latest changes...
[2026-03-11 00:36:03] Pulling latest changes...
From github.com:niket-sharma/chemeng-daily-data
   d5532e0..5bd70c9  main       -> origin/main
Updating d5532e0..5bd70c9
[2026-03-11 00:36:04] Running daily_price_update.py...
[2026-03-11 00:36:05] Generating visualizations...
[2026-03-11 00:36:06] Committing changes...
[2026-03-11 00:36:06] Pushing to remote...
[2026-03-11 00:36:07] Update complete!
[2026-03-13 00:00:01] Starting daily price update...
[2026-03-13 00:00:01] Starting daily price update...
[2026-03-13 00:00:01] Pulling latest changes...
[2026-03-13 00:00:01] Pulling latest changes...
From github.com:niket-sharma/chemeng-daily-data
   b4da451..3d63d96  main       -> origin/main
Updating b4da451..3d63d96
[2026-03-13 00:00:02] Running daily_price_update.py...
[2026-03-13 00:00:04] Generating visualizations...
[2026-03-13 00:00:05] Committing changes...
[2026-03-13 00:00:05] Pushing to remote...
[2026-03-13 00:00:06] Update complete!
[2026-03-14 00:01:37] Starting daily price update...
[2026-03-14 00:01:37] Starting daily price update...
[2026-03-14 00:01:37] Pulling latest changes...
[2026-03-14 00:01:37] Pulling latest changes...
From github.com:niket-sharma/chemeng-daily-data
   6013e11..e307a42  main       -> origin/main
Updating 6013e11..e307a42
[2026-03-14 00:01:38] Running daily_price_update.py...
[2026-03-14 00:01:42] Generating visualizations...
[2026-03-14 00:01:43] Committing changes...
[2026-03-14 00:01:43] Pushing to remote...
[2026-03-14 00:01:45] Update complete!
[2026-03-15 00:00:26] Starting daily price update...
[2026-03-15 00:00:26] Starting daily price update...
[2026-03-15 00:00:26] Pulling latest changes...
[2026-03-15 00:00:26] Pulling latest changes...
From github.com:niket-sharma/chemeng-daily-data
   57e0741..48d40d1  main       -> origin/main
Updating 57e0741..48d40d1
[2026-03-15 00:00:28] Running daily_price_update.py...
[2026-03-15 00:00:30] Generating visualizations...
[2026-03-15 00:00:31] Committing changes...
[2026-03-15 00:00:31] Pushing to remote...
[2026-03-15 00:00:32] Update complete!
[2026-03-16 00:12:39] Starting daily price update...
[2026-03-16 00:12:39] Starting daily price update...
[2026-03-16 00:12:39] Pulling latest changes...
[2026-03-16 00:12:39] Pulling latest changes...
From github.com:niket-sharma/chemeng-daily-data
   e219937..e3f7e8a  main       -> origin/main
Updating e219937..e3f7e8a
[2026-03-16 00:12:39] Running daily_price_update.py...
[2026-03-16 00:12:41] Generating visualizations...
[2026-03-16 00:12:42] Committing changes...
[2026-03-16 00:12:42] Pushing to remote...
[2026-03-16 00:12:43] Update complete!
[2026-03-17 00:35:00] Starting daily price update...
[2026-03-17 00:35:00] Starting daily price update...
[2026-03-17 00:35:00] Pulling latest changes...
[2026-03-17 00:35:00] Pulling latest changes...
From github.com:niket-sharma/chemeng-daily-data
   a94104e..d158761  main       -> origin/main
Updating a94104e..d158761
[2026-03-17 00:35:01] Running daily_price_update.py...
[2026-03-17 00:35:03] Generating visualizations...
[2026-03-17 00:35:04] Committing changes...
[2026-03-17 00:35:04] Pushing to remote...
[2026-03-17 00:35:04] Update complete!
[2026-03-18 00:07:51] Starting daily price update...
[2026-03-18 00:07:51] Starting daily price update...
[2026-03-18 00:07:51] Pulling latest changes...
[2026-03-18 00:07:51] Pulling latest changes...
From github.com:niket-sharma/chemeng-daily-data
   ef315aa..d27c6bf  main       -> origin/main
Updating ef315aa..d27c6bf
[2026-03-18 00:07:52] Running daily_price_update.py...
[2026-03-18 00:07:54] Generating visualizations...
[2026-03-18 00:07:55] Committing changes...
[2026-03-18 00:07:55] Pushing to remote...
[2026-03-18 00:07:56] Update complete!
[2026-03-19 00:02:59] Starting daily price update...
[2026-03-19 00:02:59] Starting daily price update...
[2026-03-19 00:02:59] Pulling latest changes...
[2026-03-19 00:02:59] Pulling latest changes...
From github.com:niket-sharma/chemeng-daily-data
   fac6aba..cbf27a1  main       -> origin/main
Updating fac6aba..cbf27a1
[2026-03-19 00:03:00] Running daily_price_update.py...
[2026-03-19 00:03:02] Generating visualizations...
[2026-03-19 00:03:03] Committing changes...
[2026-03-19 00:03:03] Pushing to remote...
[2026-03-19 00:03:05] Update complete!
[2026-03-20 00:00:04] Starting daily price update...
[2026-03-20 00:00:04] Starting daily price update...
[2026-03-20 00:00:04] Pulling latest changes...
[2026-03-20 00:00:04] Pulling latest changes...
From github.com:niket-sharma/chemeng-daily-data
   1365e95..84cba8d  main       -> origin/main
Updating 1365e95..84cba8d
[2026-03-20 00:00:05] Running daily_price_update.py...
[2026-03-20 00:00:07] Generating visualizations...
[2026-03-20 00:00:07] Committing changes...
[2026-03-20 00:00:07] Pushing to remote...
[2026-03-20 00:00:08] Update complete!
[2026-03-23 00:00:02] Starting daily price update...
[2026-03-23 00:00:02] Starting daily price update...
[2026-03-23 00:00:02] Pulling latest changes...
[2026-03-23 00:00:02] Pulling latest changes...
From github.com:niket-sharma/chemeng-daily-data
   1e8a1a3..4c96f34  main       -> origin/main
Updating 1e8a1a3..4c96f34
[2026-03-23 00:00:03] Running daily_price_update.py...
[2026-03-23 00:00:05] Generating visualizations...
[2026-03-23 00:00:06] Committing changes...
[2026-03-23 00:00:06] Pushing to remote...
[2026-03-23 00:00:08] Update complete!
[2026-03-25 00:40:17] Starting daily price update...
[2026-03-25 00:40:17] Starting daily price update...
[2026-03-25 00:40:17] Pulling latest changes...
[2026-03-25 00:40:17] Pulling latest changes...
From github.com:niket-sharma/chemeng-daily-data
   d83665c..0ed531e  main       -> origin/main
Updating d83665c..0ed531e
[2026-03-25 00:40:18] Running daily_price_update.py...
[2026-03-25 00:40:20] Generating visualizations...
[2026-03-25 00:40:20] Committing changes...
[2026-03-25 00:40:20] Pushing to remote...
[2026-03-25 00:40:21] Update complete!
[2026-03-26 00:00:01] Starting daily price update...
[2026-03-26 00:00:01] Starting daily price update...
[2026-03-26 00:00:01] Pulling latest changes...
[2026-03-26 00:00:01] Pulling latest changes...
From github.com:niket-sharma/chemeng-daily-data
   9ca0477..51751ae  main       -> origin/main
Updating 9ca0477..51751ae
[2026-03-26 00:00:02] Running daily_price_update.py...
[2026-03-26 00:00:03] Generating visualizations...
[2026-03-26 00:00:04] Committing changes...
[2026-03-26 00:00:04] Pushing to remote...
[2026-03-26 00:00:05] Update complete!
[2026-03-27 00:00:01] Starting daily price update...
[2026-03-27 00:00:01] Starting daily price update...
[2026-03-27 00:00:01] Pulling latest changes...
[2026-03-27 00:00:01] Pulling latest changes...
ssh: connect to host github.com port 22: Connection timed out
fatal: Could not read from remote repository.

Please make sure you have the correct access rights
and the repository exists.
[2026-03-30 00:00:02] Starting daily price update...
[2026-03-30 00:00:02] Starting daily price update...
[2026-03-30 00:00:02] Pulling latest changes...
[2026-03-30 00:00:02] Pulling latest changes...
From github.com:niket-sharma/chemeng-daily-data
   2f88c30..8759e58  main       -> origin/main
Updating 2f88c30..8759e58
[2026-03-30 00:00:03] Running daily_price_update.py...
[2026-03-30 00:00:05] Generating visualizations...
[2026-03-30 00:00:06] Committing changes...
[2026-03-30 00:00:06] Pushing to remote...
[2026-03-30 00:00:06] Update complete!
[2026-03-31 00:42:02] Starting daily price update...
[2026-03-31 00:42:02] Starting daily price update...
[2026-03-31 00:42:02] Pulling latest changes...
[2026-03-31 00:42:02] Pulling latest changes...
From github.com:niket-sharma/chemeng-daily-data
   5150270..70651a1  main       -> origin/main
Updating 5150270..70651a1
[2026-03-31 00:42:03] Running daily_price_update.py...
[2026-03-31 00:42:06] Generating visualizations...
[2026-03-31 00:42:06] Committing changes...
[2026-03-31 00:42:07] Pushing to remote...
[2026-03-31 00:42:07] Update complete!
[2026-04-01 00:00:02] Starting daily price update...
[2026-04-01 00:00:02] Starting daily price update...
[2026-04-01 00:00:02] Pulling latest changes...
[2026-04-01 00:00:02] Pulling latest changes...
From github.com:niket-sharma/chemeng-daily-data
   aecaf18..13ac80f  main       -> origin/main
Updating aecaf18..13ac80f
[2026-04-01 00:00:03] Running daily_price_update.py...
[2026-04-01 00:00:05] Generating visualizations...
[2026-04-01 00:00:05] Committing changes...
[2026-04-01 00:00:05] Pushing to remote...
[2026-04-01 00:00:07] Update complete!
[2026-04-02 00:21:14] Starting daily price update...
[2026-04-02 00:21:14] Starting daily price update...
[2026-04-02 00:21:14] Pulling latest changes...
[2026-04-02 00:21:14] Pulling latest changes...
From github.com:niket-sharma/chemeng-daily-data
   7e27558..35c6516  main       -> origin/main
Updating 7e27558..35c6516
[2026-04-02 00:21:15] Running daily_price_update.py...
[2026-04-02 00:21:16] Generating visualizations...
[2026-04-02 00:21:17] Committing changes...
[2026-04-02 00:21:17] Pushing to remote...
[2026-04-02 00:21:18] Update complete!
[2026-04-03 00:01:20] Starting daily price update...
[2026-04-03 00:01:20] Starting daily price update...
[2026-04-03 00:01:20] Pulling latest changes...
[2026-04-03 00:01:20] Pulling latest changes...
From github.com:niket-sharma/chemeng-daily-data
   8c43a60..a1af5fb  main       -> origin/main
Updating 8c43a60..a1af5fb
[2026-04-03 00:01:21] Running daily_price_update.py...
[2026-04-03 00:01:23] Generating visualizations...
[2026-04-03 00:01:23] Committing changes...
[2026-04-03 00:01:23] Pushing to remote...
[2026-04-03 00:01:24] Update complete!
[2026-04-05 00:42:51] Starting daily price update...
[2026-04-05 00:42:51] Starting daily price update...
[2026-04-05 00:42:51] Pulling latest changes...
[2026-04-05 00:42:51] Pulling latest changes...
From github.com:niket-sharma/chemeng-daily-data
   905948c..a3d1ba5  main       -> origin/main
Updating 905948c..a3d1ba5
[2026-04-05 00:42:51] Running daily_price_update.py...
[2026-04-05 00:42:53] Generating visualizations...
[2026-04-05 00:42:54] Committing changes...
[2026-04-05 00:42:54] Pushing to remote...
[2026-04-05 00:42:57] Update complete!
[2026-04-07 00:36:02] Starting daily price update...
[2026-04-07 00:36:02] Starting daily price update...
[2026-04-07 00:36:02] Pulling latest changes...
[2026-04-07 00:36:02] Pulling latest changes...
From github.com:niket-sharma/chemeng-daily-data
   c94d763..d54aaf0  main       -> origin/main
Updating c94d763..d54aaf0
[2026-04-07 00:36:03] Running daily_price_update.py...
[2026-04-07 00:36:06] Generating visualizations...
[2026-04-07 00:36:06] Committing changes...
[2026-04-07 00:36:06] Pushing to remote...
[2026-04-07 00:36:08] Update complete!
[2026-04-08 00:30:18] Starting daily price update...
[2026-04-08 00:30:18] Starting daily price update...
[2026-04-08 00:30:18] Pulling latest changes...
[2026-04-08 00:30:18] Pulling latest changes...
From github.com:niket-sharma/chemeng-daily-data
   0fd35d8..ee1dbdd  main       -> origin/main
Updating 0fd35d8..ee1dbdd
[2026-04-08 00:30:19] Running daily_price_update.py...
[2026-04-08 00:30:21] Generating visualizations...
[2026-04-08 00:30:21] Committing changes...
[2026-04-08 00:30:21] Pushing to remote...
[2026-04-08 00:30:22] Update complete!
[2026-04-11 00:00:02] Starting daily price update...
[2026-04-11 00:00:02] Starting daily price update...
[2026-04-11 00:00:02] Pulling latest changes...
[2026-04-11 00:00:02] Pulling latest changes...
From github.com:niket-sharma/chemeng-daily-data
   f2c1989..ae7b35c  main       -> origin/main
Updating f2c1989..ae7b35c
[2026-04-11 00:00:04] Running daily_price_update.py...
[2026-04-11 00:00:06] Generating visualizations...
[2026-04-11 00:00:08] Committing changes...
[2026-04-11 00:00:08] Pushing to remote...
[2026-04-11 00:00:09] Update complete!
[2026-04-13 00:04:04] Starting daily price update...
[2026-04-13 00:04:04] Starting daily price update...
[2026-04-13 00:04:04] Pulling latest changes...
[2026-04-13 00:04:04] Pulling latest changes...
From github.com:niket-sharma/chemeng-daily-data
   467a764..052db05  main       -> origin/main
Updating 467a764..052db05
[2026-04-13 00:04:05] Running daily_price_update.py...
[2026-04-13 00:04:07] Generating visualizations...
[2026-04-13 00:04:08] Committing changes...
[2026-04-13 00:04:08] Pushing to remote...
[2026-04-13 00:04:08] Update complete!
[2026-04-14 00:36:27] Starting daily price update...
[2026-04-14 00:36:27] Starting daily price update...
[2026-04-14 00:36:27] Pulling latest changes...
[2026-04-14 00:36:27] Pulling latest changes...
From github.com:niket-sharma/chemeng-daily-data
   caa08f9..8984674  main       -> origin/main
Updating caa08f9..8984674
[2026-04-14 00:36:28] Running daily_price_update.py...
[2026-04-14 00:36:29] Generating visualizations...
[2026-04-14 00:36:30] Committing changes...
[2026-04-14 00:36:30] Pushing to remote...
[2026-04-14 00:36:31] Update complete!
[2026-04-15 00:32:50] Starting daily price update...
[2026-04-15 00:32:50] Starting daily price update...
[2026-04-15 00:32:50] Pulling latest changes...
[2026-04-15 00:32:50] Pulling latest changes...
From github.com:niket-sharma/chemeng-daily-data
   f68baec..7d02eb4  main       -> origin/main
Updating f68baec..7d02eb4
[2026-04-15 00:32:51] Running daily_price_update.py...
[2026-04-15 00:32:53] Generating visualizations...
[2026-04-15 00:32:53] Committing changes...
[2026-04-15 00:32:53] Pushing to remote...
[2026-04-15 00:32:54] Update complete!
[2026-04-17 00:32:47] Starting daily price update...
[2026-04-17 00:32:47] Starting daily price update...
[2026-04-17 00:32:47] Pulling latest changes...
[2026-04-17 00:32:47] Pulling latest changes...
From github.com:niket-sharma/chemeng-daily-data
   c84582c..aee15e5  main       -> origin/main
Updating c84582c..aee15e5
[2026-04-17 00:32:48] Running daily_price_update.py...
[2026-04-17 00:32:50] Generating visualizations...
[2026-04-17 00:32:51] Committing changes...
[2026-04-17 00:32:51] Pushing to remote...
[2026-04-17 00:32:52] Update complete!
[2026-04-18 00:00:01] Starting daily price update...
[2026-04-18 00:00:01] Starting daily price update...
[2026-04-18 00:00:01] Pulling latest changes...
[2026-04-18 00:00:01] Pulling latest changes...
From github.com:niket-sharma/chemeng-daily-data
   1911979..eeabdc3  main       -> origin/main
Updating 1911979..eeabdc3
[2026-04-18 00:00:02] Running daily_price_update.py...
[2026-04-18 00:00:05] Generating visualizations...
[2026-04-18 00:00:07] Committing changes...
[2026-04-18 00:00:07] Pushing to remote...
[2026-04-18 00:00:08] Update complete!
[2026-04-19 00:34:13] Starting daily price update...
[2026-04-19 00:34:13] Starting daily price update...
[2026-04-19 00:34:13] Pulling latest changes...
[2026-04-19 00:34:13] Pulling latest changes...
From github.com:niket-sharma/chemeng-daily-data
   4cc03cf..cb41ef8  main       -> origin/main
Updating 4cc03cf..cb41ef8
[2026-04-19 00:34:14] Running daily_price_update.py...
[2026-04-19 00:34:17] Generating visualizations...
[2026-04-19 00:34:17] Committing changes...
[2026-04-19 00:34:17] Pushing to remote...
[2026-04-19 00:34:19] Update complete!
[2026-04-20 00:02:13] Starting daily price update...
[2026-04-20 00:02:13] Starting daily price update...
[2026-04-20 00:02:13] Pulling latest changes...
[2026-04-20 00:02:13] Pulling latest changes...
From github.com:niket-sharma/chemeng-daily-data
   22f8de0..de28d7b  main       -> origin/main
Updating 22f8de0..de28d7b
[2026-04-20 00:02:14] Running daily_price_update.py...
[2026-04-20 00:02:16] Generating visualizations...
[2026-04-20 00:02:17] Committing changes...
[2026-04-20 00:02:17] Pushing to remote...
[2026-04-20 00:02:18] Update complete!
[2026-04-28 00:41:09] Starting daily price update...
[2026-04-28 00:41:09] Starting daily price update...
[2026-04-28 00:41:09] Pulling latest changes...
[2026-04-28 00:41:09] Pulling latest changes...
From github.com:niket-sharma/chemeng-daily-data
   5119731..8266e28  main       -> origin/main
Updating 5119731..8266e28
[2026-04-28 00:41:11] Running daily_price_update.py...
[2026-04-28 00:41:16] Generating visualizations...
[2026-04-28 00:41:17] Committing changes...
[2026-04-28 00:41:17] Pushing to remote...
[2026-04-28 00:41:18] Update complete!
[2026-04-29 00:30:09] Starting daily price update...
[2026-04-29 00:30:09] Starting daily price update...
[2026-04-29 00:30:09] Pulling latest changes...
[2026-04-29 00:30:09] Pulling latest changes...
Already up to date.
[2026-04-29 00:30:10] Running daily_price_update.py...
[2026-04-29 00:30:10] Running daily_price_update.py...
==================================================
Chemical Commodity Price Update
==================================================
Collecting prices for 2026-04-29...
  Fetching commodity futures...
  Fetching chemical stocks...
  Fetching FRED data...
Warning: fredapi not installed

Collected 12 data points

Saving data...
  Saved latest prices to /home/niket/ai/chemeng-daily-data/data/latest/latest_prices.json
  Saved historical data to /home/niket/ai/chemeng-daily-data/data/historical/2026-04/prices_2026-04-29.json
  Updated README.md
  Logged update

Update complete!
==================================================
[2026-04-29 00:30:11] Generating visualizations...
[2026-04-29 00:30:11] Generating visualizations...
Generating visualizations...
  Saved energy chart to /home/niket/ai/chemeng-daily-data/visualizations/energy_prices.png
  Saved stock chart to /home/niket/ai/chemeng-daily-data/visualizations/stock_prices.png
Visualization generation complete!
[2026-04-29 00:30:12] Committing changes...
[2026-04-29 00:30:12] Committing changes...
[main 1ddd03e] Daily price update: 2026-04-29
 9 files changed, 282 insertions(+), 50 deletions(-)
 create mode 100644 data/historical/2026-04/prices_2026-04-29.json
[2026-04-29 00:30:12] Pushing to remote...
[2026-04-29 00:30:12] Pushing to remote...
To github.com:niket-sharma/chemeng-daily-data.git
   ce653d8..1ddd03e  main -> main
[2026-04-29 00:30:13] Update complete!
[2026-04-29 00:30:13] Update complete!
[2026-05-01 00:00:01] Starting daily price update...
[2026-05-01 00:00:01] Starting daily price update...
[2026-05-01 00:00:01] Pulling latest changes...
[2026-05-01 00:00:01] Pulling latest changes...
From github.com:niket-sharma/chemeng-daily-data
   1ddd03e..4539dce  main       -> origin/main
Updating 1ddd03e..4539dce
[2026-05-01 00:00:02] Running daily_price_update.py...
[2026-05-01 00:00:03] Generating visualizations...
[2026-05-01 00:00:04] Committing changes...
[2026-05-01 00:00:04] Pushing to remote...
[2026-05-01 00:00:05] Update complete!
[2026-05-04 00:48:11] Starting daily price update...
[2026-05-04 00:48:11] Starting daily price update...
[2026-05-04 00:48:11] Pulling latest changes...
[2026-05-04 00:48:11] Pulling latest changes...
From github.com:niket-sharma/chemeng-daily-data
   063997f..82d942d  main       -> origin/main
Updating 063997f..82d942d
[2026-05-04 00:48:12] Running daily_price_update.py...
[2026-05-04 00:48:15] Generating visualizations...
[2026-05-04 00:48:16] Committing changes...
[2026-05-04 00:48:16] Pushing to remote...
[2026-05-04 00:48:17] Update complete!
[2026-05-05 00:33:51] Starting daily price update...
[2026-05-05 00:33:51] Starting daily price update...
[2026-05-05 00:33:51] Pulling latest changes...
[2026-05-05 00:33:51] Pulling latest changes...
From github.com:niket-sharma/chemeng-daily-data
   86e429f..6ead567  main       -> origin/main
Updating 86e429f..6ead567
[2026-05-05 00:33:52] Running daily_price_update.py...
[2026-05-05 00:33:54] Generating visualizations...
[2026-05-05 00:33:55] Committing changes...
[2026-05-05 00:33:55] Pushing to remote...
[2026-05-05 00:33:56] Update complete!
[2026-05-06 01:00:13] Starting daily price update...
[2026-05-06 01:00:13] Starting daily price update...
[2026-05-06 01:00:13] Pulling latest changes...
[2026-05-06 01:00:13] Pulling latest changes...
Already up to date.
[2026-05-06 01:00:14] Running daily_price_update.py...
[2026-05-06 01:00:14] Running daily_price_update.py...
==================================================
Chemical Commodity Price Update
==================================================
Collecting prices for 2026-05-06...
  Fetching commodity futures...
  Fetching chemical stocks...
  Fetching FRED data...
Warning: fredapi not installed

Collected 12 data points

Saving data...
  Saved latest prices to /home/niket/ai/chemeng-daily-data/data/latest/latest_prices.json
  Saved historical data to /home/niket/ai/chemeng-daily-data/data/historical/2026-05/prices_2026-05-06.json
  Updated README.md
  Logged update

Update complete!
==================================================
[2026-05-06 01:00:16] Generating visualizations...
[2026-05-06 01:00:16] Generating visualizations...
Generating visualizations...
  Saved energy chart to /home/niket/ai/chemeng-daily-data/visualizations/energy_prices.png
  Saved stock chart to /home/niket/ai/chemeng-daily-data/visualizations/stock_prices.png
Visualization generation complete!
[2026-05-06 01:00:17] Committing changes...
[2026-05-06 01:00:17] Committing changes...
[main 8e2e978] Daily price update: 2026-05-06
 9 files changed, 283 insertions(+), 51 deletions(-)
 create mode 100644 data/historical/2026-05/prices_2026-05-06.json
[2026-05-06 01:00:17] Pushing to remote...
[2026-05-06 01:00:17] Pushing to remote...
To github.com:niket-sharma/chemeng-daily-data.git
   391948b..8e2e978  main -> main
[2026-05-06 01:00:18] Update complete!
[2026-05-06 01:00:18] Update complete!
[2026-05-07 00:26:55] Starting daily price update...
[2026-05-07 00:26:55] Starting daily price update...
[2026-05-07 00:26:55] Pulling latest changes...
[2026-05-07 00:26:55] Pulling latest changes...
From github.com:niket-sharma/chemeng-daily-data
   8e2e978..f132e9b  main       -> origin/main
Updating 8e2e978..f132e9b
[2026-05-07 00:27:12] Running daily_price_update.py...
[2026-05-07 00:27:15] Generating visualizations...
[2026-05-07 00:27:16] Committing changes...
[2026-05-07 00:27:16] Pushing to remote...
[2026-05-07 00:27:18] Update complete!
[2026-05-08 00:49:18] Starting daily price update...
[2026-05-08 00:49:18] Starting daily price update...
[2026-05-08 00:49:18] Pulling latest changes...
[2026-05-08 00:49:18] Pulling latest changes...
From github.com:niket-sharma/chemeng-daily-data
   df95188..47b3d87  main       -> origin/main
Updating df95188..47b3d87
[2026-05-08 00:49:19] Running daily_price_update.py...
[2026-05-08 00:49:21] Generating visualizations...
[2026-05-08 00:49:22] Committing changes...
[2026-05-08 00:49:22] Pushing to remote...
[2026-05-08 00:49:24] Update complete!
[2026-05-09 00:45:59] Starting daily price update...
[2026-05-09 00:45:59] Starting daily price update...
[2026-05-09 00:45:59] Pulling latest changes...
[2026-05-09 00:45:59] Pulling latest changes...
From github.com:niket-sharma/chemeng-daily-data
   b359dc7..4462b4f  main       -> origin/main
Updating b359dc7..4462b4f
[2026-05-09 00:46:00] Running daily_price_update.py...
[2026-05-09 00:46:02] Generating visualizations...
[2026-05-09 00:46:03] Committing changes...
[2026-05-09 00:46:03] Pushing to remote...
[2026-05-09 00:46:04] Update complete!
[2026-05-11 00:35:54] Starting daily price update...
[2026-05-11 00:35:54] Starting daily price update...
[2026-05-11 00:35:54] Pulling latest changes...
[2026-05-11 00:35:54] Pulling latest changes...
From github.com:niket-sharma/chemeng-daily-data
   3acf39c..29534ee  main       -> origin/main
Updating 3acf39c..29534ee
[2026-05-11 00:35:55] Running daily_price_update.py...
[2026-05-11 00:35:57] Generating visualizations...
[2026-05-11 00:35:58] Committing changes...
[2026-05-11 00:35:58] Pushing to remote...
[2026-05-11 00:36:00] Update complete!
[2026-05-15 01:12:35] Starting daily price update...
[2026-05-15 01:12:35] Starting daily price update...
[2026-05-15 01:12:35] Pulling latest changes...
[2026-05-15 01:12:35] Pulling latest changes...
From github.com:niket-sharma/chemeng-daily-data
   0d99dd7..6cedfe9  main       -> origin/main
Updating 0d99dd7..6cedfe9
[2026-05-15 01:12:36] Running daily_price_update.py...
[2026-05-15 01:12:39] Generating visualizations...
[2026-05-15 01:12:39] Committing changes...
[2026-05-15 01:12:40] Pushing to remote...
[2026-05-15 01:12:41] Update complete!
[2026-05-16 00:47:57] Starting daily price update...
[2026-05-16 00:47:57] Starting daily price update...
[2026-05-16 00:47:57] Pulling latest changes...
[2026-05-16 00:47:57] Pulling latest changes...
From github.com:niket-sharma/chemeng-daily-data
   b290f64..4606a01  main       -> origin/main
Updating b290f64..4606a01
[2026-05-16 00:47:58] Running daily_price_update.py...
[2026-05-16 00:48:00] Generating visualizations...
[2026-05-16 00:48:01] Committing changes...
[2026-05-16 00:48:01] Pushing to remote...
[2026-05-16 00:48:02] Update complete!
[2026-05-18 00:14:20] Starting daily price update...
[2026-05-18 00:14:20] Starting daily price update...
[2026-05-18 00:14:20] Pulling latest changes...
[2026-05-18 00:14:20] Pulling latest changes...
From github.com:niket-sharma/chemeng-daily-data
   46452ca..9bee556  main       -> origin/main
Updating 46452ca..9bee556
[2026-05-18 00:14:21] Running daily_price_update.py...
[2026-05-18 00:14:24] Generating visualizations...
[2026-05-18 00:14:25] Committing changes...
[2026-05-18 00:14:25] Pushing to remote...
[2026-05-18 00:14:26] Update complete!
[2026-05-19 00:37:30] Starting daily price update...
[2026-05-19 00:37:30] Starting daily price update...
[2026-05-19 00:37:30] Pulling latest changes...
[2026-05-19 00:37:30] Pulling latest changes...
From github.com:niket-sharma/chemeng-daily-data
   f522430..ad44ea5  main       -> origin/main
Updating f522430..ad44ea5
[2026-05-19 00:37:32] Running daily_price_update.py...
[2026-05-19 00:37:35] Generating visualizations...
[2026-05-19 00:37:35] Committing changes...
[2026-05-19 00:37:35] Pushing to remote...
[2026-05-19 00:37:37] Update complete!
[2026-05-20 00:00:05] Starting daily price update...
[2026-05-20 00:00:05] Starting daily price update...
[2026-05-20 00:00:05] Pulling latest changes...
[2026-05-20 00:00:05] Pulling latest changes...
From github.com:niket-sharma/chemeng-daily-data
   cdd77b0..bd47305  main       -> origin/main
Updating cdd77b0..bd47305
[2026-05-20 00:00:06] Running daily_price_update.py...
[2026-05-20 00:00:08] Generating visualizations...
[2026-05-20 00:00:09] Committing changes...
[2026-05-20 00:00:09] Pushing to remote...
[2026-05-20 00:00:11] Update complete!
[2026-05-21 01:07:44] Starting daily price update...
[2026-05-21 01:07:44] Starting daily price update...
[2026-05-21 01:07:44] Pulling latest changes...
[2026-05-21 01:07:44] Pulling latest changes...
From github.com:niket-sharma/chemeng-daily-data
   d141ab0..8dd7070  main       -> origin/main
Updating d141ab0..8dd7070
[2026-05-21 01:07:45] Running daily_price_update.py...
[2026-05-21 01:07:49] Generating visualizations...
[2026-05-21 01:07:51] Committing changes...
[2026-05-21 01:07:51] Pushing to remote...
[2026-05-21 01:07:52] Update complete!
[2026-05-22 00:46:31] Starting daily price update...
[2026-05-22 00:46:31] Starting daily price update...
[2026-05-22 00:46:31] Pulling latest changes...
[2026-05-22 00:46:31] Pulling latest changes...
From github.com:niket-sharma/chemeng-daily-data
   1981ffa..81d691d  main       -> origin/main
Updating 1981ffa..81d691d
[2026-05-22 00:46:33] Running daily_price_update.py...
[2026-05-22 00:46:36] Generating visualizations...
[2026-05-22 00:46:37] Committing changes...
[2026-05-22 00:46:37] Pushing to remote...
[2026-05-22 00:46:38] Update complete!
[2026-05-23 00:39:36] Starting daily price update...
[2026-05-23 00:39:36] Starting daily price update...
[2026-05-23 00:39:36] Pulling latest changes...
[2026-05-23 00:39:36] Pulling latest changes...
From github.com:niket-sharma/chemeng-daily-data
   e2efb02..3eef644  main       -> origin/main
Updating e2efb02..3eef644
[2026-05-23 00:39:37] Running daily_price_update.py...
[2026-05-23 00:39:39] Generating visualizations...
[2026-05-23 00:39:41] Committing changes...
[2026-05-23 00:39:41] Pushing to remote...
[2026-05-23 00:39:42] Update complete!
[2026-05-24 00:00:01] Starting daily price update...
[2026-05-24 00:00:01] Starting daily price update...
[2026-05-24 00:00:01] Pulling latest changes...
[2026-05-24 00:00:01] Pulling latest changes...
From github.com:niket-sharma/chemeng-daily-data
   a3a389c..3c90824  main       -> origin/main
Updating a3a389c..3c90824
[2026-05-24 00:00:02] Running daily_price_update.py...
[2026-05-24 00:00:04] Generating visualizations...
[2026-05-24 00:00:05] Committing changes...
[2026-05-24 00:00:05] Pushing to remote...
[2026-05-24 00:00:06] Update complete!
[2026-05-25 00:26:51] Starting daily price update...
[2026-05-25 00:26:51] Starting daily price update...
[2026-05-25 00:26:51] Pulling latest changes...
[2026-05-25 00:26:51] Pulling latest changes...
From github.com:niket-sharma/chemeng-daily-data
   e2ff052..3c556c5  main       -> origin/main
Updating e2ff052..3c556c5
[2026-05-25 00:26:52] Running daily_price_update.py...
[2026-05-25 00:26:54] Generating visualizations...
[2026-05-25 00:26:56] Committing changes...
[2026-05-25 00:26:56] Pushing to remote...
[2026-05-25 00:26:57] Update complete!
[2026-05-28 00:28:46] Starting daily price update...
[2026-05-28 00:28:46] Starting daily price update...
[2026-05-28 00:28:46] Pulling latest changes...
[2026-05-28 00:28:46] Pulling latest changes...
From github.com:niket-sharma/chemeng-daily-data
   833d5b0..a450196  main       -> origin/main
Updating 833d5b0..a450196
[2026-05-28 00:28:47] Running daily_price_update.py...
[2026-05-28 00:28:48] Generating visualizations...
[2026-05-28 00:28:49] Committing changes...
[2026-05-28 00:28:49] Pushing to remote...
[2026-05-28 00:28:50] Update complete!
[2026-05-29 00:00:04] Starting daily price update...
[2026-05-29 00:00:04] Starting daily price update...
[2026-05-29 00:00:04] Pulling latest changes...
[2026-05-29 00:00:04] Pulling latest changes...
From github.com:niket-sharma/chemeng-daily-data
   1410fad..dc064d5  main       -> origin/main
Updating 1410fad..dc064d5
[2026-05-29 00:00:05] Running daily_price_update.py...
[2026-05-29 00:00:06] Generating visualizations...
[2026-05-29 00:00:07] Committing changes...
[2026-05-29 00:00:07] Pushing to remote...
[2026-05-29 00:00:08] Update complete!
[2026-06-01 00:09:41] Starting daily price update...
[2026-06-01 00:09:41] Starting daily price update...
[2026-06-01 00:09:41] Pulling latest changes...
[2026-06-01 00:09:41] Pulling latest changes...
From github.com:niket-sharma/chemeng-daily-data
   a7c1857..4b713b3  main       -> origin/main
Updating a7c1857..4b713b3
[2026-06-01 00:09:42] Running daily_price_update.py...
[2026-06-01 00:09:44] Generating visualizations...
[2026-06-01 00:09:44] Committing changes...
[2026-06-01 00:09:44] Pushing to remote...
[2026-06-01 00:09:46] Update complete!
[2026-06-03 00:00:00] Starting daily price update...
[2026-06-03 00:00:00] Starting daily price update...
[2026-06-03 00:00:00] Pulling latest changes...
[2026-06-03 00:00:00] Pulling latest changes...
From github.com:niket-sharma/chemeng-daily-data
   c58abc4..a135749  main       -> origin/main
Updating c58abc4..a135749
[2026-06-03 00:00:01] Running daily_price_update.py...
[2026-06-03 00:00:02] Generating visualizations...
[2026-06-03 00:00:03] Committing changes...
[2026-06-03 00:00:03] Pushing to remote...
[2026-06-03 00:00:04] Update complete!
[2026-06-04 00:20:45] Starting daily price update...
[2026-06-04 00:20:45] Starting daily price update...
[2026-06-04 00:20:45] Pulling latest changes...
[2026-06-04 00:20:45] Pulling latest changes...
From github.com:niket-sharma/chemeng-daily-data
   214d1dc..59ad05f  main       -> origin/main
Updating 214d1dc..59ad05f
[2026-06-04 00:20:46] Running daily_price_update.py...
[2026-06-04 00:20:49] Generating visualizations...
[2026-06-04 00:20:51] Committing changes...
[2026-06-04 00:20:51] Pushing to remote...
[2026-06-04 00:20:52] Update complete!
[2026-06-05 00:00:02] Starting daily price update...
[2026-06-05 00:00:02] Starting daily price update...
[2026-06-05 00:00:02] Pulling latest changes...
[2026-06-05 00:00:02] Pulling latest changes...
From github.com:niket-sharma/chemeng-daily-data
   36a1584..9772a99  main       -> origin/main
Updating 36a1584..9772a99
[2026-06-05 00:00:03] Running daily_price_update.py...
[2026-06-05 00:00:06] Generating visualizations...
[2026-06-05 00:00:07] Committing changes...
[2026-06-05 00:00:08] Pushing to remote...
[2026-06-05 00:00:09] Update complete!
[2026-06-07 00:26:31] Starting daily price update...
[2026-06-07 00:26:31] Starting daily price update...
[2026-06-07 00:26:31] Pulling latest changes...
[2026-06-07 00:26:31] Pulling latest changes...
From github.com:niket-sharma/chemeng-daily-data
   d706cb3..23a590e  main       -> origin/main
Updating d706cb3..23a590e
[2026-06-07 00:26:31] Running daily_price_update.py...
[2026-06-07 00:26:33] Generating visualizations...
[2026-06-07 00:26:33] Committing changes...
[2026-06-07 00:26:33] Pushing to remote...
[2026-06-07 00:26:35] Update complete!
[2026-06-08 00:00:02] Starting daily price update...
[2026-06-08 00:00:02] Starting daily price update...
[2026-06-08 00:00:02] Pulling latest changes...
[2026-06-08 00:00:02] Pulling latest changes...
From github.com:niket-sharma/chemeng-daily-data
   a38917b..51e75fa  main       -> origin/main
Updating a38917b..51e75fa
[2026-06-08 00:00:03] Running daily_price_update.py...
[2026-06-08 00:00:05] Generating visualizations...
[2026-06-08 00:00:07] Committing changes...
[2026-06-08 00:00:07] Pushing to remote...
[2026-06-08 00:00:08] Update complete!
[2026-06-09 00:00:02] Starting daily price update...
[2026-06-09 00:00:02] Starting daily price update...
[2026-06-09 00:00:02] Pulling latest changes...
[2026-06-09 00:00:02] Pulling latest changes...
From github.com:niket-sharma/chemeng-daily-data
   fd1ae04..0bc4db0  main       -> origin/main
Updating fd1ae04..0bc4db0
[2026-06-09 00:00:03] Running daily_price_update.py...
[2026-06-09 00:00:07] Generating visualizations...
[2026-06-09 00:00:09] Committing changes...
[2026-06-09 00:00:10] Pushing to remote...
[2026-06-09 00:00:11] Update complete!
[2026-06-10 00:05:12] Starting daily price update...
[2026-06-10 00:05:12] Starting daily price update...
[2026-06-10 00:05:12] Pulling latest changes...
[2026-06-10 00:05:12] Pulling latest changes...
Already up to date.
[2026-06-10 00:05:12] Running daily_price_update.py...
[2026-06-10 00:05:12] Running daily_price_update.py...
==================================================
Chemical Commodity Price Update
==================================================
Collecting prices for 2026-06-10...
  Fetching commodity futures...
  Fetching chemical stocks...
  Fetching FRED data...
Warning: fredapi not installed

Collected 12 data points

Saving data...
  Saved latest prices to /home/niket/ai/chemeng-daily-data/data/latest/latest_prices.json
  Saved historical data to /home/niket/ai/chemeng-daily-data/data/historical/2026-06/prices_2026-06-10.json
  Updated README.md
  Logged update

Update complete!
==================================================
[2026-06-10 00:05:16] Generating visualizations...
[2026-06-10 00:05:16] Generating visualizations...
Generating visualizations...
  Saved energy chart to /home/niket/ai/chemeng-daily-data/visualizations/energy_prices.png
  Saved stock chart to /home/niket/ai/chemeng-daily-data/visualizations/stock_prices.png
Visualization generation complete!
[2026-06-10 00:05:17] Committing changes...
[2026-06-10 00:05:17] Committing changes...
[main 8ce82ce] Daily price update: 2026-06-10
 8 files changed, 275 insertions(+), 43 deletions(-)
 create mode 100644 data/historical/2026-06/prices_2026-06-10.json
[2026-06-10 00:05:17] Pushing to remote...
[2026-06-10 00:05:17] Pushing to remote...
To github.com:niket-sharma/chemeng-daily-data.git
   93deb54..8ce82ce  main -> main
[2026-06-10 00:05:18] Update complete!
[2026-06-10 00:05:18] Update complete!
[2026-06-17 00:30:50] Starting daily price update...
[2026-06-17 00:30:50] Starting daily price update...
[2026-06-17 00:30:50] Pulling latest changes...
[2026-06-17 00:30:50] Pulling latest changes...
From github.com:niket-sharma/chemeng-daily-data
   8ce82ce..df6c3ff  main       -> origin/main
Updating 8ce82ce..df6c3ff
[2026-06-17 00:30:53] Running daily_price_update.py...
[2026-06-17 00:30:56] Generating visualizations...
[2026-06-17 00:30:57] Committing changes...
